// Jest Snapshot v1, https://goo.gl/fbAQLP

exports[`Register should render as expected 1`] = `
<div>
  <form>
    <h1>
      Register
    </h1>
    <div>
      <div>
        <h2>
          Email
        </h2>
        <Input
          error=""
          id="registerEmail"
          label="Email"
          onChange={[Function]}
          placeholder="example@domain.com"
          type="email"
          value=""
        />
        <Input
          error=""
          id="registerRepeatEmail"
          label="Repeat email"
          onChange={[Function]}
          placeholder="example@domain.com"
          type="email"
          value=""
        />
        <h2>
          User
        </h2>
        <Input
          error=""
          id="registerNickname"
          label="Nickname"
          onChange={[Function]}
          placeholder="HappyNickname123"
          type="text"
          value=""
        />
      </div>
      <div>
        <h2>
          Personal
        </h2>
        <Input
          error=""
          id="registerFirstname"
          label="Firstname"
          onChange={[Function]}
          placeholder="John"
          type="text"
        />
        <Input
          error=""
          id="registerSurname"
          label="Surname"
          onChange={[Function]}
          placeholder="Smith"
          type="text"
        />
      </div>
      <div>
        <h2>
          Password
        </h2>
        <Input
          error=""
          id="registerPassword"
          label="Choose password"
          onChange={[Function]}
          placeholder="******"
          type="password"
          value=""
        />
        <Input
          error=""
          id="registerRepeatPassword"
          label="Repeat password"
          onChange={[Function]}
          placeholder="******"
          type="password"
          value=""
        />
      </div>
    </div>
    <Button
      onClick={[Function]}
      size="normal"
      uppercase={true}
    >
      register
    </Button>
    <p>
      Have you already got an account?
    </p>
    <Link
      replace={false}
      to="/login"
    >
      Sign in.
    </Link>
  </form>
</div>
`;
